<html>
<body>
<pre>
<h1>µVision Build Log</h1>
<h2>Project:</h2>
C:\Projects\LPC2148\UART_TX.uvproj
Project File Date:  06/25/2026

<h2>Output:</h2>
Rebuild target 'Target 1'
assembling Startup.s...
compiling uart_tc.c...
uart_tc.c(43): warning:  #1-D: last line of file ends without a newline
  }
uart_tc.c: 1 warning, 0 errors
linking...
Program Size: Code=884 RO-data=16 RW-data=0 ZI-data=1256  
FromELF: creating hex file...
".\UART_TX.axf" - 0 Error(s), 1 Warning(s).
</pre>
</body>
</html>
rt_tc.c(43): warning:  #1-D: last line of file ends without a newline
  }
uart_tc.c: 1 warning, 0 errors
"uart_tc.c" - 0 Error(s), 1 Warning(s).
