<html>
<body>
<pre>
<h1>µVision Build Log</h1>
<h2>Project:</h2>
C:\Projects\LPC2148\display_temperature\display_temperature.c
Project File Date:  06/24/2026

<h2>Output:</h2>
Rebuild target 'Target 1'
assembling Startup.s...
compiling display_temperature.c...
display_temperature.c(139): warning:  #1-D: last line of file ends without a newline
  }
display_temperature.c: 1 warning, 0 errors
linking...
Program Size: Code=7480 RO-data=192 RW-data=0 ZI-data=1256  
FromELF: creating hex file...
".\display_temperature.axf" - 0 Error(s), 1 Warning(s).
compiling display_temperature.c...
display_temperature.c(139): warning:  #1-D: last line of file ends without a newline
  }
display_temperature.c: 1 warning, 0 errors
"display_temperature.c" - 0 Error(s), 1 Warning(s).
piling display_temperature.c...
display_temperature.c(21): warning:  #1-D: last line of file ends without a newline
  }
display_temperature.c: 1 warning, 0 errors
"display_temperature.c" - 0 Error(s), 1 Warning(s).
ing(s).
