<html>
<body>
<pre>
<h1>µVision Build Log</h1>
<h2>Project:</h2>
C:\Users\mknir\OneDrive\Desktop\push_button_counter\push_button.uvproj
Project File Date:  06/22/2026

<h2>Output:</h2>
Rebuild target 'Target 1'
assembling Startup.s...
compiling button_counter.c...
button_counter.c(50): warning:  #1-D: last line of file ends without a newline
  }
button_counter.c: 1 warning, 0 errors
linking...
Program Size: Code=952 RO-data=32 RW-data=12 ZI-data=1260  
FromELF: creating hex file...
".\push_button.axf" - 0 Error(s), 1 Warning(s).
compiling button_counter.c...
button_counter.c(50): warning:  #1-D: last line of file ends without a newline
  }
button_counter.c: 1 warning, 0 errors
"button_counter.c" - 0 Error(s), 1 Warning(s).
: last line of file ends without a newline
  }
button_counter.c: 1 warning, 0 errors
"button_counter.c" - 0 Error(s), 1 Warning(s).
