<html>
<body>
<pre>
<h1>µVision Build Log</h1>
<h2>Project:</h2>
C:\Projects\LPC2148\LPC-LPC_spi\master\master_spi-lpc.uvproj
Project File Date:  06/28/2026

<h2>Output:</h2>
Rebuild target 'Target 1'
assembling Startup.s...
compiling main.c...
main.c(95): warning:  #1-D: last line of file ends without a newline
  }
main.c: 1 warning, 0 errors
linking...
Program Size: Code=1560 RO-data=16 RW-data=0 ZI-data=1256  
FromELF: creating hex file...
".\master_spi-lpc.axf" - 0 Error(s), 1 Warning(s).
</pre>
</body>
</html>
