<html>
<body>
<pre>
<h1>µVision Build Log</h1>
<h2>Project:</h2>
C:\Projects\LPC2148\UART_RX\uart_rx.uvproj
Project File Date:  06/25/2026

<h2>Output:</h2>
Rebuild target 'Target 1'
assembling Startup.s...
compiling uart_rx.c...
uart_rx.c(52): warning:  #1-D: last line of file ends without a newline
  }
uart_rx.c: 1 warning, 0 errors
linking...
Program Size: Code=924 RO-data=32 RW-data=12 ZI-data=1260  
FromELF: creating hex file...
".\uart_rx.axf" - 0 Error(s), 1 Warning(s).
</pre>
</body>
</html>
t_rx.c(52): warning:  #1-D: last line of file ends without a newline
  }
uart_rx.c: 1 warning, 0 errors
"uart_rx.c" - 0 Error(s), 1 Warning(s).
