<html>
<body>
<pre>
<h1>µVision Build Log</h1>
<h2>Project:</h2>
C:\Users\mknir\OneDrive\Desktop\New folder\proteus_LED.uvproj
Project File Date:  06/19/2026

<h2>Output:</h2>
Rebuild target 'Target 1'
assembling Startup.s...
compiling led.c...
led.c(31): warning:  #111-D: statement is unreachable
        return 0;
led.c(33): warning:  #1-D: last line of file ends without a newline
  }
led.c: 2 warnings, 0 errors
linking...
Program Size: Code=816 RO-data=16 RW-data=0 ZI-data=1256  
FromELF: creating hex file...
".\proteus_LED.axf" - 0 Error(s), 2 Warning(s).
